[self-check] Starting gdp:dev for live validation...
[stderr] warning: gdp@0.1.0: Embedded build/hooks/index.js 鈫?hook_bundle.js
[stderr] warning: gdp@0.1.0: Embedded build/hooks/preload/index.js 鈫?preload_index.js
[stderr] warning: gdp@0.1.0: locales/zh-CN.json not found 鈥?embedding stub for locale_zh_CN.json
[stderr] warning: gdp@0.1.0: Embedded locales/zh-CN/menu.json 鈫?locale_zh_CN_menu.json
[stderr] warning: gdp@0.1.0: Embedded locales/zh-CN/ui.json 鈫?locale_zh_CN_ui.json
[stderr] [gd:err] Debugger listening on ws://127.0.0.1:62612/3d24d9a7-fba5-4e5d-8bde-9763b7d540eb
[stdout] [GDP] Hooks injected successfully
[stdout] [gd:out] 2026-04-09T23:39:07.292Z [INFO][menu] Menu.buildFromTemplate patched (i18n + GDP menu)
[stdout] [gd:out] 2026-04-09T23:39:07.300Z [INFO][i18n] Watching locale directory for changes: D:\Github\github-desktop-plus\rust\target\debug\gdp-data\locales\zh-CN
[stdout] [gd:out] 2026-04-09T23:39:07.302Z [INFO][i18n] Watching locale directory for changes: C:\Users\Administrator\AppData\Roaming\github-desktop-plus\locales\zh-CN
[stdout] [gd:out] 2026-04-09T23:39:07.303Z [INFO][system] ====== Hook setup complete ======
[stderr] [gd:err] [desktop-notifications] [error] Failed to initialize with RO_INIT_MULTITHREADED: -2147417850
[self-check] Connecting to inspector: ws://127.0.0.1:62612/3d24d9a7-fba5-4e5d-8bde-9763b7d540eb
[stdout] [info] Menu.buildFromTemplate patched (i18n + GDP menu)
[stdout] [info] Watching locale directory for changes: D:\Github\github-desktop-plus\rust\target\debug\gdp-data\locales\zh-CN
[stdout] [info] Watching locale directory for changes: C:\Users\Administrator\AppData\Roaming\github-desktop-plus\locales\zh-CN
[stdout] [info] ====== Hook setup complete ======
[self-check] Stopping GDP dev session...
[stdout] [GDP] Done.
